// Jest Snapshot v1, https://goo.gl/fbAQLP

exports[`Testing <Root/> Should show <Root/> component correctly 1`] = `
<BrowserRouter>
  <AppRouter />
</BrowserRouter>
`;
